
> paw-server@1.0.0 test
> node scripts/run-api-tests.js

[test-server] {"level":30,"time":1777921888620,"pid":30436,"hostname":"PC59711","msg":"Server listening at http://127.0.0.1:60463"}
[test-server] {"level":30,"time":1777921888620,"pid":30436,"hostname":"PC59711","msg":"Server listening at http://192.168.189.141:60463"}
[test-server] {"level":30,"time":1777921888620,"pid":30436,"hostname":"PC59711","msg":"Server listening at http://10.136.189.160:60463"}
[test-server] {"level":30,"time":1777921888620,"pid":30436,"hostname":"PC59711","msg":"Server listening at http://172.31.96.1:60463"}
[test-server] {"level":30,"time":1777921888620,"pid":30436,"hostname":"PC59711","port":60463,"msg":"Server gestartet"}
node.exe : (node:2388) ExperimentalWarning: VM Modules is an experimental 
feature and might change at any time
In Zeile:1 Zeichen:1
+ & "C:\Program Files\nodejs/node.exe" "C:\Program Files\nodejs/node_mo ...
+ ~~~~~~~~~~~~~~~~~~~~~~~~~~~~~~~~~~~~~~~~~~~~~~~~~~~~~~~~~~~~~~~~~~~~~
    + CategoryInfo          : NotSpecified: ((node:2388) Exp...nge at any time 
   :String) [], RemoteException
    + FullyQualifiedErrorId : NativeCommandError
 
(Use `node --trace-warnings ...` to show where the warning was created)
[test-server] {"level":30,"time":1777921889559,"pid":30436,"hostname":"PC59711","reqId":"req-2","method":"POST","url":"/api/auth/register","statusCode":201,"responseTime":43,"ip":"127.0.0.1","userId":null,"role":null,"msg":"request"}
[test-server] {"level":30,"time":1777921889572,"pid":30436,"hostname":"PC59711","reqId":"req-3","method":"GET","url":"/api/accounts/me","statusCode":200,"responseTime":3,"ip":"127.0.0.1","userId":"7f6739fb-bcda-44fb-a722-3857b74d2927","role":"user","msg":"request"}
[test-server] {"level":30,"time":1777921889576,"pid":30436,"hostname":"PC59711","reqId":"req-4","method":"PATCH","url":"/api/accounts/me","statusCode":200,"responseTime":1,"ip":"127.0.0.1","userId":"7f6739fb-bcda-44fb-a722-3857b74d2927","role":"user","msg":"request"}
[test-server] {"level":30,"time":1777921889620,"pid":30436,"hostname":"PC59711","reqId":"req-5","method":"POST","url":"/api/auth/login","statusCode":200,"responseTime":41,"ip":"127.0.0.1","userId":null,"role":null,"msg":"request"}
[test-server] {"level":30,"time":1777921889624,"pid":30436,"hostname":"PC59711","reqId":"req-6","method":"POST","url":"/api/accounts/request-verification","statusCode":200,"responseTime":1,"ip":"127.0.0.1","userId":"7f6739fb-bcda-44fb-a722-3857b74d2927","role":"user","msg":"request"}
[test-server] {"level":30,"time":1777921889628,"pid":30436,"hostname":"PC59711","reqId":"req-7","method":"POST","url":"/api/auth/logout","statusCode":204,"responseTime":1,"ip":"127.0.0.1","userId":"7f6739fb-bcda-44fb-a722-3857b74d2927","role":"user","msg":"request"}
[test-server] {"level":40,"time":1777921889630,"pid":30436,"hostname":"PC59711","reqId":"req-8","method":"GET","url":"/api/accounts/me","statusCode":401,"responseTime":0,"ip":"127.0.0.1","userId":"7f6739fb-bcda-44fb-a722-3857b74d2927","role":"user","errorMessage":"Token has been revoked","msg":"request"}
[test-server] {"level":30,"time":1777921889672,"pid":30436,"hostname":"PC59711","reqId":"req-9","method":"POST","url":"/api/auth/login","statusCode":200,"responseTime":40,"ip":"127.0.0.1","userId":null,"role":null,"msg":"request"}
[test-server] {"level":30,"time":1777921889677,"pid":30436,"hostname":"PC59711","reqId":"req-a","method":"POST","url":"/api/animals","statusCode":201,"responseTime":1,"ip":"127.0.0.1","userId":"7f6739fb-bcda-44fb-a722-3857b74d2927","role":"user","msg":"request"}
[test-server] {"level":30,"time":1777921889680,"pid":30436,"hostname":"PC59711","reqId":"req-b","method":"GET","url":"/api/animals","statusCode":200,"responseTime":0,"ip":"127.0.0.1","userId":"7f6739fb-bcda-44fb-a722-3857b74d2927","role":"user","msg":"request"}
[test-server] {"level":30,"time":1777921889682,"pid":30436,"hostname":"PC59711","reqId":"req-c","method":"GET","url":"/api/animals/d1ef4fca-a9c1-4ccb-b87f-b3c266084afe","statusCode":200,"responseTime":0,"ip":"127.0.0.1","userId":"7f6739fb-bcda-44fb-a722-3857b74d2927","role":"user","msg":"request"}
[test-server] {"level":30,"time":1777921889689,"pid":30436,"hostname":"PC59711","reqId":"req-d","method":"PATCH","url":"/api/animals/d1ef4fca-a9c1-4ccb-b87f-b3c266084afe","statusCode":200,"responseTime":1,"ip":"127.0.0.1","userId":"7f6739fb-bcda-44fb-a722-3857b74d2927","role":"user","msg":"request"}
[test-server] {"level":30,"time":1777921889692,"pid":30436,"hostname":"PC59711","reqId":"req-e","method":"PATCH","url":"/api/animals/d1ef4fca-a9c1-4ccb-b87f-b3c266084afe/archive","statusCode":200,"responseTime":1,"ip":"127.0.0.1","userId":"7f6739fb-bcda-44fb-a722-3857b74d2927","role":"user","msg":"request"}
[test-server] {"level":30,"time":1777921889695,"pid":30436,"hostname":"PC59711","reqId":"req-f","method":"GET","url":"/api/animals/d1ef4fca-a9c1-4ccb-b87f-b3c266084afe","statusCode":200,"responseTime":0,"ip":"127.0.0.1","userId":"7f6739fb-bcda-44fb-a722-3857b74d2927","role":"user","msg":"request"}
[test-server] {"level":30,"time":1777921889699,"pid":30436,"hostname":"PC59711","reqId":"req-g","method":"POST","url":"/api/animals","statusCode":201,"responseTime":1,"ip":"127.0.0.1","userId":"7f6739fb-bcda-44fb-a722-3857b74d2927","role":"user","msg":"request"}
[test-server] {"level":30,"time":1777921889702,"pid":30436,"hostname":"PC59711","reqId":"req-h","method":"POST","url":"/api/animals","statusCode":201,"responseTime":1,"ip":"127.0.0.1","userId":"7f6739fb-bcda-44fb-a722-3857b74d2927","role":"user","msg":"request"}
[test-server] {"level":30,"time":1777921889705,"pid":30436,"hostname":"PC59711","reqId":"req-i","method":"POST","url":"/api/animals/67d37c60-1a30-48f6-82e2-54f4d5559cf8/tags","statusCode":201,"responseTime":1,"ip":"127.0.0.1","userId":"7f6739fb-bcda-44fb-a722-3857b74d2927","role":"user","msg":"request"}
[test-server] {"level":30,"time":1777921889712,"pid":30436,"hostname":"PC59711","reqId":"req-j","method":"DELETE","url":"/api/animals/67d37c60-1a30-48f6-82e2-54f4d5559cf8","statusCode":204,"responseTime":1,"ip":"127.0.0.1","userId":"7f6739fb-bcda-44fb-a722-3857b74d2927","role":"user","msg":"request"}
[test-server] {"level":40,"time":1777921889714,"pid":30436,"hostname":"PC59711","reqId":"req-k","method":"GET","url":"/api/animals/67d37c60-1a30-48f6-82e2-54f4d5559cf8","statusCode":404,"responseTime":0,"ip":"127.0.0.1","userId":"7f6739fb-bcda-44fb-a722-3857b74d2927","role":"user","errorMessage":"Tier nicht gefunden","msg":"request"}
[test-server] {"level":30,"time":1777921889719,"pid":30436,"hostname":"PC59711","reqId":"req-l","method":"POST","url":"/api/animals/998b474d-eae7-451b-9e38-3822451d2667/tags","statusCode":201,"responseTime":1,"ip":"127.0.0.1","userId":"7f6739fb-bcda-44fb-a722-3857b74d2927","role":"user","msg":"request"}
[test-server] {"level":30,"time":1777921889721,"pid":30436,"hostname":"PC59711","reqId":"req-m","method":"GET","url":"/api/animals/998b474d-eae7-451b-9e38-3822451d2667/tags","statusCode":200,"responseTime":0,"ip":"127.0.0.1","userId":"7f6739fb-bcda-44fb-a722-3857b74d2927","role":"user","msg":"request"}
[test-server] {"level":30,"time":1777921889725,"pid":30436,"hostname":"PC59711","reqId":"req-n","method":"POST","url":"/api/animals/998b474d-eae7-451b-9e38-3822451d2667/tags","statusCode":201,"responseTime":1,"ip":"127.0.0.1","userId":"7f6739fb-bcda-44fb-a722-3857b74d2927","role":"user","msg":"request"}
[test-server] {"level":30,"time":1777921889728,"pid":30436,"hostname":"PC59711","reqId":"req-o","method":"PATCH","url":"/api/animal-tags/NFC-TEST-1777921889710","statusCode":200,"responseTime":1,"ip":"127.0.0.1","userId":"7f6739fb-bcda-44fb-a722-3857b74d2927","role":"user","msg":"request"}
[test-server] {"level":30,"time":1777921889771,"pid":30436,"hostname":"PC59711","reqId":"req-p","method":"POST","url":"/api/auth/register","statusCode":201,"responseTime":41,"ip":"127.0.0.1","userId":null,"role":null,"msg":"request"}
[test-server] {"level":30,"time":1777921889815,"pid":30436,"hostname":"PC59711","reqId":"req-q","method":"POST","url":"/api/auth/register","statusCode":201,"responseTime":42,"ip":"127.0.0.1","userId":null,"role":null,"msg":"request"}
[test-server] {"level":30,"time":1777921889819,"pid":30436,"hostname":"PC59711","reqId":"req-r","method":"POST","url":"/api/animals","statusCode":201,"responseTime":1,"ip":"127.0.0.1","userId":"5246434d-442d-4054-813e-28a40ddf2082","role":"user","msg":"request"}
[test-server] {"level":30,"time":1777921889824,"pid":30436,"hostname":"PC59711","accountId":"5246434d-442d-4054-813e-28a40ddf2082","role":"user","hasGemini":false,"hasAnthropic":false,"msg":"WS: client authenticated"}
[test-server] {"level":30,"time":1777921889830,"pid":30436,"hostname":"PC59711","reqId":"req-t","method":"GET","url":"/api/documents/8d2337f3-436e-481d-a9f8-232d62a1bfd1","statusCode":200,"responseTime":1,"ip":"127.0.0.1","userId":"87f25ef9-ae91-432c-b19b-3d7e0346c122","role":"user","msg":"request"}
[test-server] {"level":40,"time":1777921889834,"pid":30436,"hostname":"PC59711","reqId":"req-u","method":"PATCH","url":"/api/documents/8d2337f3-436e-481d-a9f8-232d62a1bfd1","statusCode":403,"responseTime":1,"ip":"127.0.0.1","userId":"87f25ef9-ae91-432c-b19b-3d7e0346c122","role":"user","errorMessage":"Keine Berechtigung dieses Dokument zu bearbeiten","msg":"request"}
[test-server] {"level":30,"time":1777921889837,"pid":30436,"hostname":"PC59711","accountId":"5246434d-442d-4054-813e-28a40ddf2082","role":"user","hasGemini":false,"hasAnthropic":false,"msg":"WS: client authenticated"}
[test-server] {"level":40,"time":1777921889840,"pid":30436,"hostname":"PC59711","reqId":"req-w","method":"DELETE","url":"/api/documents/48c50b61-2184-4227-bf96-d499539b3ed8","statusCode":403,"responseTime":0,"ip":"127.0.0.1","userId":"87f25ef9-ae91-432c-b19b-3d7e0346c122","role":"user","errorMessage":"Keine Berechtigung dieses Dokument zu l├Âschen","msg":"request"}
[test-server] {"level":40,"time":1777921889843,"pid":30436,"hostname":"PC59711","reqId":"req-x","method":"GET","url":"/api/documents/6d366021-94b5-4965-bfa9-281bc1af3a72","statusCode":404,"responseTime":0,"ip":"127.0.0.1","userId":"5246434d-442d-4054-813e-28a40ddf2082","role":"user","errorMessage":"Dokument nicht gefunden","msg":"request"}
[test-server] {"level":40,"time":1777921889854,"pid":30436,"hostname":"PC59711","reqId":"req-y","method":"GET","url":"/api/documents/84f68c79-72ca-48b4-a53d-0d4ae3073b21","statusCode":403,"responseTime":1,"ip":"127.0.0.1","userId":"87f25ef9-ae91-432c-b19b-3d7e0346c122","role":"user","errorMessage":"Kein Zugriff auf dieses Dokument","msg":"request"}
[test-server] {"level":30,"time":1777921889857,"pid":30436,"hostname":"PC59711","reqId":"req-z","method":"GET","url":"/api/public/tag/BARCODE-TEST-1777921889717","statusCode":200,"responseTime":1,"ip":"127.0.0.1","userId":null,"role":null,"msg":"request"}
[test-server] {"level":30,"time":1777921889866,"pid":30436,"hostname":"PC59711","accountId":"7f6739fb-bcda-44fb-a722-3857b74d2927","role":"user","hasGemini":false,"hasAnthropic":false,"msg":"WS: client authenticated"}
[test-server] {"level":30,"time":1777921889869,"pid":30436,"hostname":"PC59711","reqId":"req-11","method":"GET","url":"/api/public/tag/BARCODE-TEST-1777921889717","statusCode":200,"responseTime":1,"ip":"127.0.0.1","userId":null,"role":null,"msg":"request"}
[test-server] {"level":30,"time":1777921889873,"pid":30436,"hostname":"PC59711","accountId":"7f6739fb-bcda-44fb-a722-3857b74d2927","role":"user","hasGemini":false,"hasAnthropic":false,"msg":"WS: client authenticated"}
[test-server] {"level":30,"time":1777921889874,"pid":30436,"hostname":"PC59711","reqId":"req-13","method":"GET","url":"/api/public/tag/BARCODE-TEST-1777921889717","statusCode":200,"responseTime":0,"ip":"127.0.0.1","userId":null,"role":null,"msg":"request"}
[test-server] {"level":30,"time":1777921889879,"pid":30436,"hostname":"PC59711","reqId":"req-14","method":"GET","url":"/api/animals/998b474d-eae7-451b-9e38-3822451d2667/sharing","statusCode":200,"responseTime":1,"ip":"127.0.0.1","userId":"7f6739fb-bcda-44fb-a722-3857b74d2927","role":"user","msg":"request"}
[test-server] {"level":30,"time":1777921889883,"pid":30436,"hostname":"PC59711","reqId":"req-15","method":"POST","url":"/api/animals/998b474d-eae7-451b-9e38-3822451d2667/sharing/temporary","statusCode":201,"responseTime":1,"ip":"127.0.0.1","userId":"7f6739fb-bcda-44fb-a722-3857b74d2927","role":"user","msg":"request"}
[test-server] {"level":30,"time":1777921889886,"pid":30436,"hostname":"PC59711","reqId":"req-16","method":"GET","url":"/api/animals/998b474d-eae7-451b-9e38-3822451d2667/shares","statusCode":200,"responseTime":0,"ip":"127.0.0.1","userId":"7f6739fb-bcda-44fb-a722-3857b74d2927","role":"user","msg":"request"}
[test-server] {"level":30,"time":1777921889889,"pid":30436,"hostname":"PC59711","reqId":"req-17","method":"GET","url":"/api/public/share/5fdebf19-c8f3-4135-a552-9f94fb04ee9a","statusCode":200,"responseTime":1,"ip":"127.0.0.1","userId":null,"role":null,"msg":"request"}
[test-server] {"level":30,"time":1777921889892,"pid":30436,"hostname":"PC59711","reqId":"req-18","method":"DELETE","url":"/api/animals/998b474d-eae7-451b-9e38-3822451d2667/shares/5fdebf19-c8f3-4135-a552-9f94fb04ee9a","statusCode":200,"responseTime":1,"ip":"127.0.0.1","userId":"7f6739fb-bcda-44fb-a722-3857b74d2927","role":"user","msg":"request"}
[test-server] {"level":40,"time":1777921889894,"pid":30436,"hostname":"PC59711","reqId":"req-19","method":"GET","url":"/api/admin/stats","statusCode":403,"responseTime":0,"ip":"127.0.0.1","userId":"7f6739fb-bcda-44fb-a722-3857b74d2927","role":"user","errorMessage":"Admin-Zugriff erforderlich","msg":"request"}
[test-server] {"level":40,"time":1777921889897,"pid":30436,"hostname":"PC59711","reqId":"req-1a","method":"GET","url":"/api/admin/audit?limit=10","statusCode":403,"responseTime":0,"ip":"127.0.0.1","userId":"7f6739fb-bcda-44fb-a722-3857b74d2927","role":"user","errorMessage":"Admin-Zugriff erforderlich","msg":"request"}
[test-server] {"level":40,"time":1777921889899,"pid":30436,"hostname":"PC59711","reqId":"req-1b","method":"GET","url":"/api/admin/test-results","statusCode":403,"responseTime":0,"ip":"127.0.0.1","userId":"7f6739fb-bcda-44fb-a722-3857b74d2927","role":"user","errorMessage":"Admin-Zugriff erforderlich","msg":"request"}
[test-server] {"level":40,"time":1777921890023,"pid":30436,"hostname":"PC59711","reqId":"req-1d","method":"GET","url":"/api/animals","statusCode":401,"responseTime":0,"ip":"127.0.0.1","userId":null,"role":null,"errorMessage":"Nicht autorisiert","msg":"request"}
[test-server] {"level":30,"time":1777921890025,"pid":30436,"hostname":"PC59711","reqId":"req-1c","method":"GET","url":"/api/accounts/me/export","statusCode":200,"responseTime":123,"ip":"127.0.0.1","userId":"7f6739fb-bcda-44fb-a722-3857b74d2927","role":"user","msg":"request"}
[test-server] {"level":50,"time":1777921890029,"pid":30436,"hostname":"PC59711","reqId":"req-1e","method":"POST","url":"/api/animals","statusCode":400,"ip":"127.0.0.1","userId":"7f6739fb-bcda-44fb-a722-3857b74d2927","role":"user","err":{"type":"Object","message":"body must have required property 'name'","stack":"","code":"FST_ERR_VALIDATION"},"msg":"request error"}
[test-server] {"level":40,"time":1777921890030,"pid":30436,"hostname":"PC59711","reqId":"req-1e","method":"POST","url":"/api/animals","statusCode":400,"responseTime":1,"ip":"127.0.0.1","userId":"7f6739fb-bcda-44fb-a722-3857b74d2927","role":"user","errorMessage":"body must have required property 'name'","msg":"request"}
[test-server] {"level":40,"time":1777921890036,"pid":30436,"hostname":"PC59711","reqId":"req-1f","method":"GET","url":"/api/animals/nonexistent-id-12345","statusCode":404,"responseTime":1,"ip":"127.0.0.1","userId":"7f6739fb-bcda-44fb-a722-3857b74d2927","role":"user","errorMessage":"Tier nicht gefunden","msg":"request"}
[test-server] {"level":50,"time":1777921890039,"pid":30436,"hostname":"PC59711","reqId":"req-1g","method":"POST","url":"/api/auth/register","statusCode":400,"ip":"127.0.0.1","userId":null,"role":null,"err":{"type":"Object","message":"body/email must match format \"email\"","stack":"","code":"FST_ERR_VALIDATION"},"msg":"request error"}
[test-server] {"level":40,"time":1777921890039,"pid":30436,"hostname":"PC59711","reqId":"req-1g","method":"POST","url":"/api/auth/register","statusCode":400,"responseTime":0,"ip":"127.0.0.1","userId":null,"role":null,"errorMessage":"body/email must match format \"email\"","msg":"request"}
[test-server] {"level":30,"time":1777921890082,"pid":30436,"hostname":"PC59711","reqId":"req-1h","method":"POST","url":"/api/auth/register","statusCode":201,"responseTime":40,"ip":"127.0.0.1","userId":null,"role":null,"msg":"request"}
[test-server] {"level":40,"time":1777921890084,"pid":30436,"hostname":"PC59711","reqId":"req-1i","method":"POST","url":"/api/auth/register","statusCode":409,"responseTime":0,"ip":"127.0.0.1","userId":null,"role":null,"errorMessage":"E-Mail bereits registriert","msg":"request"}
[test-server] {"level":30,"time":1777921890086,"pid":30436,"hostname":"PC59711","reqId":"req-1j","method":"GET","url":"/api/settings","statusCode":200,"responseTime":0,"ip":"127.0.0.1","userId":null,"role":null,"msg":"request"}
[test-server] {"level":40,"time":1777921890089,"pid":30436,"hostname":"PC59711","reqId":"req-1k","method":"PATCH","url":"/api/admin/settings","statusCode":403,"responseTime":0,"ip":"127.0.0.1","userId":"7f6739fb-bcda-44fb-a722-3857b74d2927","role":"user","errorMessage":"Nur Admins k├Ânnen Einstellungen ├ñndern","msg":"request"}
[test-server] {"level":30,"time":1777921890093,"pid":30436,"hostname":"PC59711","reqId":"req-1l","method":"POST","url":"/api/organizations","statusCode":200,"responseTime":1,"ip":"127.0.0.1","userId":"7f6739fb-bcda-44fb-a722-3857b74d2927","role":"user","msg":"request"}
[test-server] {"level":30,"time":1777921890094,"pid":30436,"hostname":"PC59711","reqId":"req-1m","method":"GET","url":"/api/organizations","statusCode":200,"responseTime":0,"ip":"127.0.0.1","userId":"7f6739fb-bcda-44fb-a722-3857b74d2927","role":"user","msg":"request"}
[test-server] {"level":40,"time":1777921890096,"pid":30436,"hostname":"PC59711","reqId":"req-1n","method":"GET","url":"/api/organizations/4064a73f-2305-4aba-abb7-acd922bb9428/members","statusCode":404,"responseTime":0,"ip":"127.0.0.1","userId":"7f6739fb-bcda-44fb-a722-3857b74d2927","role":"user","errorMessage":"Organisation nicht gefunden","msg":"request"}
[test-server] {"level":40,"time":1777921890099,"pid":30436,"hostname":"PC59711","reqId":"req-1o","method":"POST","url":"/api/organizations/4064a73f-2305-4aba-abb7-acd922bb9428/invite","statusCode":404,"responseTime":0,"ip":"127.0.0.1","userId":"7f6739fb-bcda-44fb-a722-3857b74d2927","role":"user","errorMessage":"Organisation nicht gefunden","msg":"request"}
[test-server] {"level":40,"time":1777921890101,"pid":30436,"hostname":"PC59711","reqId":"req-1p","method":"POST","url":"/api/organizations/4064a73f-2305-4aba-abb7-acd922bb9428/accept","statusCode":404,"responseTime":0,"ip":"127.0.0.1","userId":"7f6739fb-bcda-44fb-a722-3857b74d2927","role":"user","errorMessage":"Einladung nicht gefunden","msg":"request"}
[test-server] {"level":40,"time":1777921890103,"pid":30436,"hostname":"PC59711","reqId":"req-1q","method":"DELETE","url":"/api/organizations/4064a73f-2305-4aba-abb7-acd922bb9428/members/5f22972e-a0ac-40d8-8678-5da0a394c622","statusCode":404,"responseTime":0,"ip":"127.0.0.1","userId":"7f6739fb-bcda-44fb-a722-3857b74d2927","role":"user","errorMessage":"Organisation nicht gefunden","msg":"request"}
[test-server] {"level":30,"time":1777921890105,"pid":30436,"hostname":"PC59711","reqId":"req-1r","method":"GET","url":"/api/animals/998b474d-eae7-451b-9e38-3822451d2667/documents/pending","statusCode":200,"responseTime":0,"ip":"127.0.0.1","userId":"7f6739fb-bcda-44fb-a722-3857b74d2927","role":"user","msg":"request"}
[test-server] {"level":40,"time":1777921890108,"pid":30436,"hostname":"PC59711","reqId":"req-1s","method":"POST","url":"/api/documents/9bfb7087-09cc-4216-a8a9-59eebea3deb3/retry-analysis","statusCode":404,"responseTime":0,"ip":"127.0.0.1","userId":"7f6739fb-bcda-44fb-a722-3857b74d2927","role":"user","errorMessage":"Dokument nicht gefunden","msg":"request"}
[test-server] {"level":30,"time":1777921890110,"pid":30436,"hostname":"PC59711","reqId":"req-1t","method":"POST","url":"/api/animals/998b474d-eae7-451b-9e38-3822451d2667/transfer","statusCode":201,"responseTime":1,"ip":"127.0.0.1","userId":"7f6739fb-bcda-44fb-a722-3857b74d2927","role":"user","msg":"request"}
[test-server] {"level":40,"time":1777921890113,"pid":30436,"hostname":"PC59711","reqId":"req-1u","method":"POST","url":"/api/animals/transfer/accept","statusCode":404,"responseTime":0,"ip":"127.0.0.1","userId":"7f6739fb-bcda-44fb-a722-3857b74d2927","role":"user","errorMessage":"Ung├╝ltiger oder abgelaufener Code","msg":"request"}
[test-server] {"level":50,"time":1777921890116,"pid":30436,"hostname":"PC59711","reqId":"req-1v","err":{"type":"Error","message":"Input buffer contains unsupported image format","stack":"Error: Input buffer contains unsupported image format\n    at Sharp.toFile (E:\\github.com\\pawvax\\server\\node_modules\\sharp\\lib\\output.js:90:19)\n    at saveAvatarImage (file:///E:/github.com/pawvax/server/src/services/storage.js:57:6)\n    at Object.<anonymous> (file:///E:/github.com/pawvax/server/src/routes/animals.js:925:30)\n    at routeOptions.handler (E:\\github.com\\pawvax\\server\\node_modules\\@fastify\\websocket\\index.js:208:24)\n    at preHandlerCallbackInner (E:\\github.com\\pawvax\\server\\node_modules\\fastify\\lib\\handle-request.js:168:24)\n    at preHandlerCallback (E:\\github.com\\pawvax\\server\\node_modules\\fastify\\lib\\handle-request.js:134:5)\n    at next (E:\\github.com\\pawvax\\server\\node_modules\\fastify\\lib\\hooks.js:236:9)\n    at handleResolve (E:\\github.com\\pawvax\\server\\node_modules\\fastify\\lib\\hooks.js:253:7)\n    at process.processTicksAndRejections (node:internal/process/task_queues:104:5)"},"msg":"Avatar upload failed"}
[test-server] {"level":40,"time":1777921890116,"pid":30436,"hostname":"PC59711","reqId":"req-1v","method":"PATCH","url":"/api/animals/998b474d-eae7-451b-9e38-3822451d2667/avatar","statusCode":400,"responseTime":2,"ip":"127.0.0.1","userId":"7f6739fb-bcda-44fb-a722-3857b74d2927","role":"user","errorMessage":"Ung├╝ltiges Bildformat","msg":"request"}
[test-server] {"level":30,"time":1777921890119,"pid":30436,"hostname":"PC59711","reqId":"req-1w","method":"GET","url":"/api/ai/models","statusCode":200,"responseTime":0,"ip":"127.0.0.1","userId":"7f6739fb-bcda-44fb-a722-3857b74d2927","role":"user","msg":"request"}
[test-server] {"level":40,"time":1777921890121,"pid":30436,"hostname":"PC59711","reqId":"req-1x","method":"POST","url":"/api/admin/api-keys","statusCode":403,"responseTime":0,"ip":"127.0.0.1","userId":"7f6739fb-bcda-44fb-a722-3857b74d2927","role":"user","errorMessage":"Admin-Zugriff erforderlich","msg":"request"}
[test-server] {"level":40,"time":1777921890125,"pid":30436,"hostname":"PC59711","reqId":"req-1y","method":"GET","url":"/api/admin/api-keys","statusCode":403,"responseTime":0,"ip":"127.0.0.1","userId":"7f6739fb-bcda-44fb-a722-3857b74d2927","role":"user","errorMessage":"Admin-Zugriff erforderlich","msg":"request"}
[test-server] {"level":40,"time":1777921890127,"pid":30436,"hostname":"PC59711","reqId":"req-1z","method":"DELETE","url":"/api/admin/api-keys/3af0dab9-80fc-4b35-b558-8f2f13a0d0e2","statusCode":403,"responseTime":0,"ip":"127.0.0.1","userId":"7f6739fb-bcda-44fb-a722-3857b74d2927","role":"user","errorMessage":"Admin-Zugriff erforderlich","msg":"request"}
[test-server] {"level":40,"time":1777921890129,"pid":30436,"hostname":"PC59711","reqId":"req-20","method":"GET","url":"/api/v1/animals/998b474d-eae7-451b-9e38-3822451d2667","statusCode":404,"responseTime":0,"ip":"127.0.0.1","userId":null,"role":null,"errorMessage":"Not Found","msg":"request"}
[test-server] {"level":40,"time":1777921890134,"pid":30436,"hostname":"PC59711","reqId":"req-21","method":"GET","url":"/api/v1/animals/998b474d-eae7-451b-9e38-3822451d2667/documents","statusCode":404,"responseTime":0,"ip":"127.0.0.1","userId":null,"role":null,"errorMessage":"Not Found","msg":"request"}
[test-server] {"level":40,"time":1777921890134,"pid":30436,"hostname":"PC59711","reqId":"req-22","method":"GET","url":"/api/v1/animals/by-tag/BARCODE-TEST-1777921889717","statusCode":404,"responseTime":0,"ip":"127.0.0.1","userId":null,"role":null,"errorMessage":"Not Found","msg":"request"}
[test-server] {"level":40,"time":1777921890134,"pid":30436,"hostname":"PC59711","reqId":"req-23","method":"POST","url":"/api/v1/animals/998b474d-eae7-451b-9e38-3822451d2667/documents","statusCode":401,"responseTime":0,"ip":"127.0.0.1","userId":null,"role":null,"errorMessage":"API Key fehlt (X-Api-Key Header erforderlich)","msg":"request"}
[test-server] {"level":40,"time":1777921890135,"pid":30436,"hostname":"PC59711","reqId":"req-24","method":"POST","url":"/api/v1/animals/998b474d-eae7-451b-9e38-3822451d2667/vaccinations","statusCode":404,"responseTime":0,"ip":"127.0.0.1","userId":null,"role":null,"errorMessage":"Not Found","msg":"request"}
[test-server] {"level":30,"time":1777921890182,"pid":30436,"hostname":"PC59711","reqId":"req-25","method":"POST","url":"/api/auth/register","statusCode":201,"responseTime":41,"ip":"127.0.0.1","userId":null,"role":null,"msg":"request"}
[test-server] {"level":30,"time":1777921890184,"pid":30436,"hostname":"PC59711","reqId":"req-26","method":"GET","url":"/api/accounts/me","statusCode":200,"responseTime":0,"ip":"127.0.0.1","userId":"c50bbba4-3024-4eb4-b62e-6fd34689d14c","role":"user","msg":"request"}
[test-server] {"level":30,"time":1777921890187,"pid":30436,"hostname":"PC59711","reqId":"req-27","method":"POST","url":"/api/animals","statusCode":201,"responseTime":1,"ip":"127.0.0.1","userId":"c50bbba4-3024-4eb4-b62e-6fd34689d14c","role":"user","msg":"request"}
[test-server] {"level":30,"time":1777921890189,"pid":30436,"hostname":"PC59711","reqId":"req-28","method":"POST","url":"/api/animals/090823ec-53c1-4759-bed6-ebc27096dd66/tags","statusCode":201,"responseTime":1,"ip":"127.0.0.1","userId":"c50bbba4-3024-4eb4-b62e-6fd34689d14c","role":"user","msg":"request"}
[test-server] {"level":30,"time":1777921890191,"pid":30436,"hostname":"PC59711","reqId":"req-29","method":"GET","url":"/api/animals/090823ec-53c1-4759-bed6-ebc27096dd66","statusCode":200,"responseTime":0,"ip":"127.0.0.1","userId":"c50bbba4-3024-4eb4-b62e-6fd34689d14c","role":"user","msg":"request"}
[test-server] {"level":30,"time":1777921890236,"pid":30436,"hostname":"PC59711","reqId":"req-2b","method":"POST","url":"/api/auth/register","statusCode":201,"responseTime":41,"ip":"127.0.0.1","userId":null,"role":null,"msg":"request"}
[test-server] {"level":30,"time":1777921890240,"pid":30436,"hostname":"PC59711","reqId":"req-2c","method":"POST","url":"/api/animals","statusCode":201,"responseTime":1,"ip":"127.0.0.1","userId":"2001fbe3-666b-4885-b5fc-009d620512e1","role":"user","msg":"request"}
[test-server] {"level":30,"time":1777921890282,"pid":30436,"hostname":"PC59711","reqId":"req-2d","method":"POST","url":"/api/auth/register","statusCode":201,"responseTime":41,"ip":"127.0.0.1","userId":null,"role":null,"msg":"request"}
[test-server] {"level":30,"time":1777921890326,"pid":30436,"hostname":"PC59711","reqId":"req-2e","method":"POST","url":"/api/auth/login","statusCode":200,"responseTime":40,"ip":"127.0.0.1","userId":null,"role":null,"msg":"request"}
[test-server] {"level":30,"time":1777921890329,"pid":30436,"hostname":"PC59711","reqId":"req-2f","method":"PATCH","url":"/api/animals/8001a808-6978-44c5-ad89-bba541035c6b/archive","statusCode":200,"responseTime":1,"ip":"127.0.0.1","userId":"2001fbe3-666b-4885-b5fc-009d620512e1","role":"user","msg":"request"}
[test-server] {"level":30,"time":1777921890332,"pid":30436,"hostname":"PC59711","reqId":"req-2g","method":"POST","url":"/api/animals","statusCode":201,"responseTime":1,"ip":"127.0.0.1","userId":"2001fbe3-666b-4885-b5fc-009d620512e1","role":"user","msg":"request"}
[test-server] {"level":50,"time":1777921890334,"pid":30436,"hostname":"PC59711","reqId":"req-2h","method":"PATCH","url":"/api/animals/e99f6cac-da73-4e4b-8609-4ed3d9e175fb/archive","statusCode":400,"ip":"127.0.0.1","userId":"2001fbe3-666b-4885-b5fc-009d620512e1","role":"user","err":{"type":"Object","message":"body/archive_reason must be equal to one of the allowed values","stack":"","code":"FST_ERR_VALIDATION"},"msg":"request error"}
[test-server] {"level":40,"time":1777921890334,"pid":30436,"hostname":"PC59711","reqId":"req-2h","method":"PATCH","url":"/api/animals/e99f6cac-da73-4e4b-8609-4ed3d9e175fb/archive","statusCode":400,"responseTime":0,"ip":"127.0.0.1","userId":"2001fbe3-666b-4885-b5fc-009d620512e1","role":"user","errorMessage":"body/archive_reason must be equal to one of the allowed values","msg":"request"}
[test-server] {"level":30,"time":1777921890338,"pid":30436,"hostname":"PC59711","reqId":"req-2i","method":"POST","url":"/api/animals","statusCode":201,"responseTime":1,"ip":"127.0.0.1","userId":"2001fbe3-666b-4885-b5fc-009d620512e1","role":"user","msg":"request"}
[test-server] {"level":40,"time":1777921890340,"pid":30436,"hostname":"PC59711","reqId":"req-2j","method":"PATCH","url":"/api/animals/5da22400-e71f-49bc-bf11-d6c424a05132/archive","statusCode":400,"responseTime":0,"ip":"127.0.0.1","userId":"2001fbe3-666b-4885-b5fc-009d620512e1","role":"user","errorMessage":"Archivierungsgrund erforderlich","msg":"request"}
[test-server] {"level":30,"time":1777921890343,"pid":30436,"hostname":"PC59711","reqId":"req-2k","method":"POST","url":"/api/animals","statusCode":201,"responseTime":1,"ip":"127.0.0.1","userId":"2001fbe3-666b-4885-b5fc-009d620512e1","role":"user","msg":"request"}
[test-server] {"level":30,"time":1777921890345,"pid":30436,"hostname":"PC59711","reqId":"req-2l","method":"PATCH","url":"/api/animals/6237cc16-ecf5-491d-8a1f-75b6b6d6ece1/archive","statusCode":200,"responseTime":0,"ip":"127.0.0.1","userId":"2001fbe3-666b-4885-b5fc-009d620512e1","role":"user","msg":"request"}
[test-server] {"level":30,"time":1777921890348,"pid":30436,"hostname":"PC59711","reqId":"req-2m","method":"PATCH","url":"/api/animals/6237cc16-ecf5-491d-8a1f-75b6b6d6ece1/archive","statusCode":200,"responseTime":0,"ip":"127.0.0.1","userId":"2001fbe3-666b-4885-b5fc-009d620512e1","role":"user","msg":"request"}
[test-server] {"level":40,"time":1777921890350,"pid":30436,"hostname":"PC59711","reqId":"req-2n","method":"GET","url":"/api/admin/stats","statusCode":403,"responseTime":0,"ip":"127.0.0.1","userId":"2001fbe3-666b-4885-b5fc-009d620512e1","role":"user","errorMessage":"Admin-Zugriff erforderlich","msg":"request"}
[test-server] {"level":30,"time":1777921890352,"pid":30436,"hostname":"PC59711","reqId":"req-2o","method":"GET","url":"/api/animals/stats","statusCode":200,"responseTime":0,"ip":"127.0.0.1","userId":"2001fbe3-666b-4885-b5fc-009d620512e1","role":"user","msg":"request"}
[test-server] {"level":30,"time":1777921890355,"pid":30436,"hostname":"PC59711","accountId":"2001fbe3-666b-4885-b5fc-009d620512e1","role":"user","hasGemini":false,"hasAnthropic":false,"msg":"WS: client authenticated"}
[test-server] {"level":30,"time":1777921890359,"pid":30436,"hostname":"PC59711","reqId":"req-2q","method":"PATCH","url":"/api/documents/9c85cf44-95da-4fde-a450-d6ad9a78e652","statusCode":200,"responseTime":1,"ip":"127.0.0.1","userId":"2001fbe3-666b-4885-b5fc-009d620512e1","role":"user","msg":"request"}
[test-server] {"level":30,"time":1777921890360,"pid":30436,"hostname":"PC59711","reqId":"req-2r","method":"GET","url":"/api/documents/9c85cf44-95da-4fde-a450-d6ad9a78e652","statusCode":200,"responseTime":0,"ip":"127.0.0.1","userId":"2001fbe3-666b-4885-b5fc-009d620512e1","role":"user","msg":"request"}
[test-server] {"level":30,"time":1777921890363,"pid":30436,"hostname":"PC59711","accountId":"2001fbe3-666b-4885-b5fc-009d620512e1","role":"user","hasGemini":false,"hasAnthropic":false,"msg":"WS: client authenticated"}
[test-server] {"level":30,"time":1777921890366,"pid":30436,"hostname":"PC59711","reqId":"req-2t","method":"PATCH","url":"/api/documents/4f6b8488-ad9a-4eb7-acf5-219e2a6ca14c","statusCode":200,"responseTime":0,"ip":"127.0.0.1","userId":"2001fbe3-666b-4885-b5fc-009d620512e1","role":"user","msg":"request"}
[test-server] {"level":30,"time":1777921890368,"pid":30436,"hostname":"PC59711","reqId":"req-2u","method":"GET","url":"/api/documents/4f6b8488-ad9a-4eb7-acf5-219e2a6ca14c","statusCode":200,"responseTime":0,"ip":"127.0.0.1","userId":"2001fbe3-666b-4885-b5fc-009d620512e1","role":"user","msg":"request"}
[test-server] {"level":30,"time":1777921890372,"pid":30436,"hostname":"PC59711","accountId":"2001fbe3-666b-4885-b5fc-009d620512e1","role":"user","hasGemini":false,"hasAnthropic":false,"msg":"WS: client authenticated"}
[test-server] {"level":30,"time":1777921890375,"pid":30436,"hostname":"PC59711","reqId":"req-2w","method":"PATCH","url":"/api/documents/065599d3-fb8e-4738-9bb4-58a6bb4640d2","statusCode":200,"responseTime":0,"ip":"127.0.0.1","userId":"2001fbe3-666b-4885-b5fc-009d620512e1","role":"user","msg":"request"}
[test-server] {"level":30,"time":1777921890377,"pid":30436,"hostname":"PC59711","accountId":"2001fbe3-666b-4885-b5fc-009d620512e1","role":"user","hasGemini":false,"hasAnthropic":false,"msg":"WS: client authenticated"}
[test-server] {"level":30,"time":1777921890379,"pid":30436,"hostname":"PC59711","reqId":"req-2y","method":"PATCH","url":"/api/documents/9651cc63-9d90-4767-84b3-ee0ace2a0817","statusCode":200,"responseTime":0,"ip":"127.0.0.1","userId":"2001fbe3-666b-4885-b5fc-009d620512e1","role":"user","msg":"request"}
[test-server] {"level":30,"time":1777921890382,"pid":30436,"hostname":"PC59711","accountId":"2001fbe3-666b-4885-b5fc-009d620512e1","role":"user","hasGemini":false,"hasAnthropic":false,"msg":"WS: client authenticated"}
[test-server] {"level":30,"time":1777921890384,"pid":30436,"hostname":"PC59711","reqId":"req-30","method":"PATCH","url":"/api/documents/74a7d353-e3b7-4a75-a122-ea7a03726ff2","statusCode":200,"responseTime":0,"ip":"127.0.0.1","userId":"2001fbe3-666b-4885-b5fc-009d620512e1","role":"user","msg":"request"}
[test-server] {"level":30,"time":1777921890388,"pid":30436,"hostname":"PC59711","accountId":"2001fbe3-666b-4885-b5fc-009d620512e1","role":"user","hasGemini":false,"hasAnthropic":false,"msg":"WS: client authenticated"}
[test-server] {"level":30,"time":1777921890391,"pid":30436,"hostname":"PC59711","reqId":"req-32","method":"PATCH","url":"/api/documents/fee57fe4-b20e-4c80-bdf8-f00e7a65f0d4","statusCode":200,"responseTime":0,"ip":"127.0.0.1","userId":"2001fbe3-666b-4885-b5fc-009d620512e1","role":"user","msg":"request"}
[test-server] {"level":30,"time":1777921890395,"pid":30436,"hostname":"PC59711","accountId":"2001fbe3-666b-4885-b5fc-009d620512e1","role":"user","hasGemini":false,"hasAnthropic":false,"msg":"WS: client authenticated"}
[test-server] {"level":30,"time":1777921890397,"pid":30436,"hostname":"PC59711","reqId":"req-34","method":"PATCH","url":"/api/documents/8b467394-b758-45e7-b5d7-158221c91ce2","statusCode":200,"responseTime":1,"ip":"127.0.0.1","userId":"2001fbe3-666b-4885-b5fc-009d620512e1","role":"user","msg":"request"}
[test-server] {"level":40,"time":1777921890400,"pid":30436,"hostname":"PC59711","reqId":"req-35","method":"GET","url":"/api/admin/test-results","statusCode":403,"responseTime":0,"ip":"127.0.0.1","userId":"2001fbe3-666b-4885-b5fc-009d620512e1","role":"user","errorMessage":"Admin-Zugriff erforderlich","msg":"request"}
[test-server] {"level":30,"time":1777921890405,"pid":30436,"hostname":"PC59711","reqId":"req-36","method":"GET","url":"/api/documents/b7b2ef71-9739-4f46-8cb0-e775c6bb99e0","statusCode":200,"responseTime":0,"ip":"127.0.0.1","userId":"2001fbe3-666b-4885-b5fc-009d620512e1","role":"user","msg":"request"}
[test-server] {"level":50,"time":1777921890418,"pid":30436,"hostname":"PC59711","name":"ocr","err":{"type":"Object","message":"Analyse nicht m├Âglich. Keine Tokens hinterlegt.","stack":"Error: Analyse nicht m├Âglich. Keine Tokens hinterlegt.\n    at analyzeDocument (file:///E:/github.com/pawvax/server/src/services/ocr.js:399:11)\n    at process.processTicksAndRejections (node:internal/process/task_queues:104:5)\n    at async analyzeDocumentPages (file:///E:/github.com/pawvax/server/src/routes/documents.js:27:20)\n    at async Object.<anonymous> (file:///E:/github.com/pawvax/server/src/routes/documents.js:332:22)"},"msg":"OCR fehlgeschlagen"}
[test-server] {"level":50,"time":1777921890418,"pid":30436,"hostname":"PC59711","reqId":"req-37","err":{"type":"Error","message":"Analyse nicht m├Âglich. Keine Tokens hinterlegt.","stack":"Error: Analyse nicht m├Âglich. Keine Tokens hinterlegt.\n    at analyzeDocument (file:///E:/github.com/pawvax/server/src/services/ocr.js:399:11)\n    at process.processTicksAndRejections (node:internal/process/task_queues:104:5)\n    at async analyzeDocumentPages (file:///E:/github.com/pawvax/server/src/routes/documents.js:27:20)\n    at async Object.<anonymous> (file:///E:/github.com/pawvax/server/src/routes/documents.js:332:22)"},"docId":"b647a01c-f411-4a8b-8b51-66dfabd9893b","msg":"Retry analysis failed"}
[test-server] {"level":50,"time":1777921890418,"pid":30436,"hostname":"PC59711","reqId":"req-37","method":"POST","url":"/api/documents/b647a01c-f411-4a8b-8b51-66dfabd9893b/retry-analysis","statusCode":500,"responseTime":1,"ip":"127.0.0.1","userId":"2001fbe3-666b-4885-b5fc-009d620512e1","role":"user","errorMessage":"Analyse nicht m├Âglich. Keine Tokens hinterlegt.","msg":"request"}
[test-server] {"level":30,"time":1777921890422,"pid":30436,"hostname":"PC59711","reqId":"req-38","method":"GET","url":"/api/admin/orphans","statusCode":200,"responseTime":1,"ip":"127.0.0.1","userId":"e9b036ba-6752-4bb7-9295-1b5fb9165904","role":"user","msg":"request"}
[test-server] {"level":30,"time":1777921890425,"pid":30436,"hostname":"PC59711","reqId":"req-39","method":"POST","url":"/api/admin/orphans/delete","statusCode":200,"responseTime":1,"ip":"127.0.0.1","userId":"e9b036ba-6752-4bb7-9295-1b5fb9165904","role":"user","msg":"request"}
[test-server] {"level":30,"time":1777921890431,"pid":30436,"hostname":"PC59711","reqId":"req-3a","method":"POST","url":"/api/accounts/request-verification","statusCode":200,"responseTime":3,"ip":"127.0.0.1","userId":"2001fbe3-666b-4885-b5fc-009d620512e1","role":"user","msg":"request"}
[test-server] {"level":40,"time":1777921890434,"pid":30436,"hostname":"PC59711","reqId":"req-3b","method":"POST","url":"/api/accounts/request-verification","statusCode":409,"responseTime":0,"ip":"127.0.0.1","userId":"2001fbe3-666b-4885-b5fc-009d620512e1","role":"user","errorMessage":"Verifikation bereits beantragt","msg":"request"}
[test-server] {"level":30,"time":1777921890436,"pid":30436,"hostname":"PC59711","reqId":"req-3c","method":"POST","url":"/api/admin/verifications/999fb135-fe59-4d43-bcfc-169ba10e24f4/approve","statusCode":200,"responseTime":1,"ip":"127.0.0.1","userId":"e9b036ba-6752-4bb7-9295-1b5fb9165904","role":"user","msg":"request"}
[test-server] {"level":30,"time":1777921890481,"pid":30436,"hostname":"PC59711","reqId":"req-3d","method":"POST","url":"/api/auth/login","statusCode":200,"responseTime":41,"ip":"127.0.0.1","userId":null,"role":null,"msg":"request"}
[test-server] {"level":30,"time":1777921890484,"pid":30436,"hostname":"PC59711","reqId":"req-3e","method":"POST","url":"/api/animals","statusCode":201,"responseTime":1,"ip":"127.0.0.1","userId":"2001fbe3-666b-4885-b5fc-009d620512e1","role":"user","msg":"request"}
[test-server] {"level":30,"time":1777921890486,"pid":30436,"hostname":"PC59711","reqId":"req-3f","method":"GET","url":"/api/animals/recently-scanned","statusCode":200,"responseTime":0,"ip":"127.0.0.1","userId":"2001fbe3-666b-4885-b5fc-009d620512e1","role":"user","msg":"request"}
[test-server] {"level":30,"time":1777921890488,"pid":30436,"hostname":"PC59711","reqId":"req-3g","method":"POST","url":"/api/animals/7247bf56-c8a6-4f37-af7b-04b138522d18/track-scan","statusCode":200,"responseTime":0,"ip":"127.0.0.1","userId":"2001fbe3-666b-4885-b5fc-009d620512e1","role":"user","msg":"request"}
[test-server] {"level":30,"time":1777921890491,"pid":30436,"hostname":"PC59711","reqId":"req-3h","method":"GET","url":"/api/animals/recently-scanned","statusCode":200,"responseTime":0,"ip":"127.0.0.1","userId":"2001fbe3-666b-4885-b5fc-009d620512e1","role":"user","msg":"request"}
[test-server] {"level":30,"time":1777921890493,"pid":30436,"hostname":"PC59711","reqId":"req-3i","method":"GET","url":"/api/animals/7247bf56-c8a6-4f37-af7b-04b138522d18/recent-scans","statusCode":200,"responseTime":0,"ip":"127.0.0.1","userId":"2001fbe3-666b-4885-b5fc-009d620512e1","role":"user","msg":"request"}
[test-server] {"level":30,"time":1777921890495,"pid":30436,"hostname":"PC59711","reqId":"req-3j","method":"PATCH","url":"/api/animals/7247bf56-c8a6-4f37-af7b-04b138522d18/archive","statusCode":200,"responseTime":0,"ip":"127.0.0.1","userId":"2001fbe3-666b-4885-b5fc-009d620512e1","role":"user","msg":"request"}
[test-server] {"level":30,"time":1777921890497,"pid":30436,"hostname":"PC59711","reqId":"req-3k","method":"POST","url":"/api/animals/7247bf56-c8a6-4f37-af7b-04b138522d18/unarchive","statusCode":200,"responseTime":0,"ip":"127.0.0.1","userId":"2001fbe3-666b-4885-b5fc-009d620512e1","role":"user","msg":"request"}
[test-server] {"level":30,"time":1777921890499,"pid":30436,"hostname":"PC59711","reqId":"req-3l","method":"GET","url":"/api/animals/7247bf56-c8a6-4f37-af7b-04b138522d18","statusCode":200,"responseTime":0,"ip":"127.0.0.1","userId":"2001fbe3-666b-4885-b5fc-009d620512e1","role":"user","msg":"request"}
[test-server] {"level":30,"time":1777921890543,"pid":30436,"hostname":"PC59711","reqId":"req-3m","method":"POST","url":"/api/auth/register","statusCode":201,"responseTime":40,"ip":"127.0.0.1","userId":null,"role":null,"msg":"request"}
[test-server] {"level":30,"time":1777921890546,"pid":30436,"hostname":"PC59711","reqId":"req-3n","method":"POST","url":"/api/animals","statusCode":201,"responseTime":1,"ip":"127.0.0.1","userId":"49c413b5-7200-470f-b7d2-3042cea47a2d","role":"user","msg":"request"}
[test-server] {"level":30,"time":1777921890549,"pid":30436,"hostname":"PC59711","accountId":"49c413b5-7200-470f-b7d2-3042cea47a2d","role":"user","hasGemini":false,"hasAnthropic":false,"msg":"WS: client authenticated"}
[test-server] {"level":30,"time":1777921890554,"pid":30436,"hostname":"PC59711","reqId":"req-3p","method":"POST","url":"/api/reminders","statusCode":201,"responseTime":1,"ip":"127.0.0.1","userId":"49c413b5-7200-470f-b7d2-3042cea47a2d","role":"user","msg":"request"}
[test-server] {"level":30,"time":1777921890557,"pid":30436,"hostname":"PC59711","reqId":"req-3q","method":"POST","url":"/api/reminders","statusCode":201,"responseTime":1,"ip":"127.0.0.1","userId":"49c413b5-7200-470f-b7d2-3042cea47a2d","role":"user","msg":"request"}
[test-server] {"level":30,"time":1777921890559,"pid":30436,"hostname":"PC59711","reqId":"req-3r","method":"GET","url":"/api/reminders","statusCode":200,"responseTime":0,"ip":"127.0.0.1","userId":"49c413b5-7200-470f-b7d2-3042cea47a2d","role":"user","msg":"request"}
[test-server] {"level":30,"time":1777921890562,"pid":30436,"hostname":"PC59711","reqId":"req-3s","method":"GET","url":"/api/reminders","statusCode":200,"responseTime":0,"ip":"127.0.0.1","userId":"49c413b5-7200-470f-b7d2-3042cea47a2d","role":"user","msg":"request"}
[test-server] {"level":40,"time":1777921890564,"pid":30436,"hostname":"PC59711","reqId":"req-3t","method":"POST","url":"/api/reminders","statusCode":400,"responseTime":0,"ip":"127.0.0.1","userId":"49c413b5-7200-470f-b7d2-3042cea47a2d","role":"user","errorMessage":"animal_id, title and due_date are required","msg":"request"}
[test-server] {"level":40,"time":1777921890567,"pid":30436,"hostname":"PC59711","reqId":"req-3u","method":"POST","url":"/api/reminders","statusCode":400,"responseTime":0,"ip":"127.0.0.1","userId":"49c413b5-7200-470f-b7d2-3042cea47a2d","role":"user","errorMessage":"due_date must be in YYYY-MM-DD format","msg":"request"}
[test-server] {"level":30,"time":1777921890569,"pid":30436,"hostname":"PC59711","reqId":"req-3v","method":"PATCH","url":"/api/reminders/24b3ce61-f46b-40a0-9ba3-7ab7a8aa119b/dismiss","statusCode":200,"responseTime":0,"ip":"127.0.0.1","userId":"49c413b5-7200-470f-b7d2-3042cea47a2d","role":"user","msg":"request"}
[test-server] {"level":30,"time":1777921890572,"pid":30436,"hostname":"PC59711","reqId":"req-3w","method":"GET","url":"/api/reminders","statusCode":200,"responseTime":1,"ip":"127.0.0.1","userId":"49c413b5-7200-470f-b7d2-3042cea47a2d","role":"user","msg":"request"}
[test-server] {"level":30,"time":1777921890615,"pid":30436,"hostname":"PC59711","reqId":"req-3x","method":"POST","url":"/api/auth/register","statusCode":201,"responseTime":41,"ip":"127.0.0.1","userId":null,"role":null,"msg":"request"}
[test-server] {"level":30,"time":1777921890618,"pid":30436,"hostname":"PC59711","reqId":"req-3y","method":"POST","url":"/api/animals","statusCode":201,"responseTime":1,"ip":"127.0.0.1","userId":"8412f242-2f42-4ca3-aff7-5a8a02099a15","role":"user","msg":"request"}
[test-server] {"level":30,"time":1777921890620,"pid":30436,"hostname":"PC59711","reqId":"req-3z","method":"POST","url":"/api/reminders","statusCode":201,"responseTime":0,"ip":"127.0.0.1","userId":"8412f242-2f42-4ca3-aff7-5a8a02099a15","role":"user","msg":"request"}
[test-server] {"level":40,"time":1777921890622,"pid":30436,"hostname":"PC59711","reqId":"req-40","method":"PATCH","url":"/api/reminders/e4ca9c16-2c0e-4833-82a3-f0640456d62e/dismiss","statusCode":403,"responseTime":0,"ip":"127.0.0.1","userId":"49c413b5-7200-470f-b7d2-3042cea47a2d","role":"user","errorMessage":"Kein Zugriff","msg":"request"}
[test-server] {"level":30,"time":1777921890665,"pid":30436,"hostname":"PC59711","reqId":"req-41","method":"POST","url":"/api/auth/register","statusCode":201,"responseTime":40,"ip":"127.0.0.1","userId":null,"role":null,"msg":"request"}
[test-server] {"level":30,"time":1777921890668,"pid":30436,"hostname":"PC59711","reqId":"req-42","method":"POST","url":"/api/animals","statusCode":201,"responseTime":1,"ip":"127.0.0.1","userId":"6a3884d2-107b-47fd-b90f-1d1b95f11b9f","role":"user","msg":"request"}
[test-server] {"level":40,"time":1777921890670,"pid":30436,"hostname":"PC59711","reqId":"req-43","method":"POST","url":"/api/reminders","statusCode":403,"responseTime":0,"ip":"127.0.0.1","userId":"49c413b5-7200-470f-b7d2-3042cea47a2d","role":"user","errorMessage":"Kein Zugriff auf dieses Tier","msg":"request"}
[test-server] {"level":40,"time":1777921890672,"pid":30436,"hostname":"PC59711","reqId":"req-44","method":"GET","url":"/api/reminders","statusCode":401,"responseTime":0,"ip":"127.0.0.1","userId":null,"role":null,"errorMessage":"Nicht autorisiert","msg":"request"}
[test-server] {"level":30,"time":1777921890721,"pid":30436,"hostname":"PC59711","reqId":"req-45","method":"POST","url":"/api/auth/register","statusCode":201,"responseTime":41,"ip":"127.0.0.1","userId":null,"role":null,"msg":"request"}
[test-server] {"level":30,"time":1777921890725,"pid":30436,"hostname":"PC59711","reqId":"req-46","method":"POST","url":"/api/animals","statusCode":201,"responseTime":1,"ip":"127.0.0.1","userId":"589c7981-1345-42ac-8aa8-40dac06b2459","role":"user","msg":"request"}
[test-server] {"level":40,"time":1777921890729,"pid":30436,"hostname":"PC59711","reqId":"req-47","method":"POST","url":"/api/documents/test-doc-14-1777921890719/re-analyze","statusCode":403,"responseTime":1,"ip":"127.0.0.1","userId":"7f6739fb-bcda-44fb-a722-3857b74d2927","role":"user","errorMessage":"Keine Berechtigung","msg":"request"}
[test-server] {"level":40,"time":1777921890733,"pid":30436,"hostname":"PC59711","reqId":"req-48","method":"POST","url":"/api/documents/test-doc-14-1777921890719/re-analyze","statusCode":403,"responseTime":0,"ip":"127.0.0.1","userId":"7f6739fb-bcda-44fb-a722-3857b74d2927","role":"user","errorMessage":"Keine Berechtigung","msg":"request"}
PASS tests/api.test.js
  PAWvax API Tests
    1. Authentication (Auth)
      ÔêÜ 1a. Register ÔÇö Neuen Account erstellen (69 ms)
      ÔêÜ 1b. Get Profile ÔÇö Eigenes Profil abrufen (8 ms)
      ÔêÜ 1c. Patch Profile ÔÇö Profildaten aktualisieren (4 ms)
      ÔêÜ 1d. Login ÔÇö Mit Credentials anmelden (neuer Token) (44 ms)
      ÔêÜ 1e. Request Verification ÔÇö Als Tierarzt anmelden (3 ms)
      ÔêÜ 1f. Logout ÔÇö Abmelden (JWT blacklist) (48 ms)
    2. Animals
      ÔêÜ 2a. Create Animal ÔÇö Neues Tier hinzuf├╝gen (4 ms)
      ÔêÜ 2b. Get All Animals ÔÇö Alle Tiere abrufen (3 ms)
      ÔêÜ 2c. Get Animal Detail ÔÇö Tier im Detail abrufen (5 ms)
      ÔêÜ 2d. Update Animal ÔÇö Tier aktualisieren (3 ms)
      ÔêÜ 2e. Archive Animal ÔÇö Tier archivieren (3 ms)
      ÔêÜ 2f. Get Archived Animal ÔÇö Archiviertes Tier sollte sichtbar sein 
mit is_archived=true (3 ms)
      ÔêÜ 2g. Create Second Animal ÔÇö Zweites Tier f├╝r weitere Tests (4 ms)
      ÔêÜ 2h. Delete Animal with Cascade ÔÇö Tier mit Dokumenten/Tags l├Âschen 
(Cascade) (15 ms)
    3. Tags & NFC
      ÔêÜ 3a. Add NFC Tag ÔÇö NFC-Chip mit Tier verbinden (5 ms)
      ÔêÜ 3b. Get Animal Tags ÔÇö Alle Tags eines Tieres (2 ms)
      ÔêÜ 3c. Add Barcode Tag ÔÇö Barcode mit Tier verbinden (4 ms)
      ÔêÜ 3d. Deactivate Tag ÔÇö Tag deaktivieren (3 ms)
    4. Documents Authorization
      ÔêÜ 4a. Document with guest access should be visible to authenticated 
users (5 ms)
      ÔêÜ 4b. Existing document without access returns 403 on PATCH (4 ms)
      ÔêÜ 4c. Existing document without access returns 403 on DELETE (6 ms)
      ÔêÜ 4d. Missing document still returns 404 (2 ms)
      ÔêÜ 4e. Vet-only document returns 403 for regular user (11 ms)
    5. Public Scan
      ÔêÜ 5a. Known active tag returns public animal profile (3 ms)
      ÔêÜ 5b. Guest-visible document appears in public scan result (13 ms)
      ÔêÜ 5c. Vet-only document is hidden in public scan result (5 ms)
    6. Sharing
      ÔêÜ 6a. Get Sharing Settings ÔÇö Freigabe-Settings abrufen (4 ms)
      ÔêÜ 6b. Create Sharing Link ÔÇö Tempor├ñren Link erstellen (4 ms)
      ÔêÜ 6c. Get Active Sharing Links ÔÇö Liste enth├ñlt Link mit Namen (3 ms)
      ÔêÜ 6d. Public: Get Shared Animal ÔÇö Tier ├╝ber Link abrufen (OHNE JWT) 
(3 ms)
      ÔêÜ 6e. Delete Sharing Link ÔÇö Link l├Âschen (3 ms)
    7. Admin (Nur wenn Admin)
      ÔêÜ 7a. Get Admin Stats ÔÇö System-Statistiken (2 ms)
      ÔêÜ 7b. Get Audit Log ÔÇö Audit-Log abrufen (3 ms)
      ÔêÜ 7c. Get Admin Test Results ÔÇö Letzten Deploy-Teststatus abrufen (3 
ms)
    6. DSGVO (Data Protection)
      ÔêÜ 6a. Export Data (Takeout) ÔÇö Daten als ZIP exportieren (119 ms)
    7. Error Handling
      ÔêÜ 7a. Invalid JWT Token ÔÇö 401 Unauthorized (7 ms)
      ÔêÜ 7b. Missing Required Field ÔÇö 400 / 422 Bad Request (8 ms)
      ÔêÜ 7c. Non-existent Animal ÔÇö 404 Not Found (2 ms)
      ÔêÜ 7d. Invalid Email on Register ÔÇö 400 Bad Request (3 ms)
      ÔêÜ 7e. Duplicate Email on Register ÔÇö 409 Conflict (45 ms)
    8. Endpoint Smoke Coverage
      ÔêÜ 8a. GET /settings reachable (2 ms)
      ÔêÜ 8b. PATCH /admin/settings returns guarded status (3 ms)
      ÔêÜ 8c. Organizations routes are reachable and guarded (14 ms)
      ÔêÜ 8d. Document pending/retry endpoints are reachable (4 ms)
      ÔêÜ 8e. Transfer and avatar endpoints are reachable (8 ms)
      ÔêÜ 8f. AI models endpoint is reachable (2 ms)
      ÔêÜ 8g. Admin API key endpoints are guarded (8 ms)
      ÔêÜ 8h. Vet API endpoints reject missing API key (12 ms)
    9. Integration Tests (Full Journey)
      ÔêÜ 8a. Journey: Register ÔåÆ Create Animal ÔåÆ Add Tag ÔåÆ Get Animal 
(53 ms)
  API Health Checks
    ÔêÜ Health Check ÔÇô API l├ñuft? (2 ms)
  9. Extended Regression Tests
    ÔêÜ 9a. Archive with valid reason succeeds (3 ms)
    ÔêÜ 9b. Archive with invalid reason returns 400 (6 ms)
    ÔêÜ 9c. Archive requires reason when is_archived=true (5 ms)
    ÔêÜ 9d. Un-archive animal (is_archived=false) requires no reason (8 ms)
    ÔêÜ 9e. Admin stats returns nested animals object (2 ms)
    ÔêÜ 9f. GET /animals/stats returns per-user animal counts (2 ms)
    ÔêÜ 9g. Document PATCH normalizes legacy doc_type medication ÔåÆ 
medical_product (8 ms)
    ÔêÜ 9h. Document PATCH normalizes legacy doc_type other ÔåÆ general (8 ms)
    ÔêÜ 9i. Document PATCH accepts all 5 canonical doc_types (29 ms)
    ÔêÜ 9j. GET /admin/test-results returns expected shape (3 ms)
    ÔêÜ 9k. GET /documents/:id returns all stored document pages (5 ms)
    ÔêÜ 9l. Retry analysis uses stored pages instead of empty document 
image_path (14 ms)
    ÔêÜ 9k. Admin can list and bulk delete orphaned records (6 ms)
    ÔêÜ 10a. User can request vet verification with notes (6 ms)
    ÔêÜ 10b. User cannot request duplicate vet verification (2 ms)
    ÔêÜ 10c. Verification request stored in database (1 ms)
    ÔêÜ 10d. Admin can approve verification (via database) (2 ms)
  Suite 11: Animal Scan Tracking
    ÔêÜ 11a. GET /animals/recently-scanned returns list (auth required) (2 ms)
    ÔêÜ 11b. POST /animals/:id/track-scan records a scan (2 ms)
    ÔêÜ 11c. GET /animals/recently-scanned shows the tracked animal (2 ms)
    ÔêÜ 11d. GET /animals/:id/recent-scans accessible by owner (2 ms)
    ÔêÜ 11e. POST /animals/:id/unarchive reactivates an archived animal (7 ms)
  Suite 12: Reminders
    ÔêÜ 12a. POST /reminders ÔÇö Erinnerung erstellen (5 ms)
    ÔêÜ 12b. POST /reminders ÔÇö Mit document_id (3 ms)
    ÔêÜ 12c. GET /reminders ÔÇö Aktive Erinnerungen laden (2 ms)
    ÔêÜ 12d. GET /reminders ÔÇö Sortiert nach due_date aufsteigend (2 ms)
    ÔêÜ 12e. POST /reminders ÔÇö Fehlendes due_date liefert 400 (3 ms)
    ÔêÜ 12f. POST /reminders ÔÇö Falsches Datumsformat liefert 400 (3 ms)
    ÔêÜ 12g. PATCH /reminders/:id/dismiss ÔÇö Erinnerung als erledigt 
markieren (2 ms)
    ÔêÜ 12h. GET /reminders ÔÇö Erledigte Erinnerung nicht mehr in Liste (3 ms)
    ÔêÜ 12i. PATCH /reminders/:id/dismiss ÔÇö Fremde Erinnerung gibt 403 (49 
ms)
    ÔêÜ 12j. POST /reminders ÔÇö Fremdes Tier gibt 403 (48 ms)
    ÔêÜ 12k. GET /reminders ÔÇö Unauthenticated gives 401 (2 ms)
  Suite 13: Content-Hash Deduplication
    ÔêÜ 13a. computeRecordHash ÔÇö vaccination hash is deterministic and 16 
chars (1 ms)
    ÔêÜ 13b. computeRecordHash ÔÇö different batch numbers produce different 
hashes
    ÔêÜ 13c. computeRecordHash ÔÇö singleton uses title + document_date + 
issuer (1 ms)
    ÔêÜ 13d. computeRecordHash ÔÇö treatment hash uses substance + 
administered_at
    ÔêÜ 13e. flagDuplicates ÔÇö first doc stamps _record_hash, no _duplicate 
flag (1 ms)
    ÔêÜ 13f. flagDuplicates ÔÇö second doc with identical record is flagged as 
duplicate
    ÔêÜ 13g. flagDuplicates ÔÇö partial overlap: only matching records flagged 
(1 ms)
    ÔêÜ 13h. flagDuplicates ÔÇö singleton type: second identical doc page is 
flagged
  Suite 14: Re-Analysis (Phase 4)
    ÔêÜ 14a. POST /documents/:id/re-analyze endpoint is protected (3 ms)
    ÔêÜ 14b. analysis_history table exists with proper schema (1 ms)
    ÔêÜ 14c. Documents can have analysis_history and versions (1 ms)
    ÔêÜ 14d. Re-analyze endpoint requires authentication (403 Forbidden for 
unauth) (3 ms)
    ÔêÜ 14e. Documents table supports analysis_status field

Test Suites: 1 passed, 1 total
Tests:       96 passed, 96 total
Snapshots:   0 total
Time:        1.67 s, estimated 2 s
Ran all test suites.
Test results written to: 
C:\Users\z171871\AppData\Local\Temp\pawvax-api-tests-RGdYyk\jest-results.json
[test-runner] Results saved: 96/96 passed
